
Allocating common symbols
Common symbol       size              file

g_variables         0xc               main.o

Memory Configuration

Name             Origin             Length             Attributes
Flash            0x08000000         0x00020000         xr
Sram             0x20000000         0x00005000         xrw
*default*        0x00000000         0xffffffff

Linker script and memory map


.text           0x08000000      0x150
 *(.vectors*)
 .vectors       0x08000000       0x1c startup.o
                0x08000000                vectors
 *(.text*)
 .text          0x0800001c       0x98 main.o
                0x0800001c                main
 .text          0x080000b4       0x94 startup.o
                0x080000b4                reset_handler
                0x0800013c                USAGE_FAULT_handler
                0x0800013c                H_FAULT_handler
                0x0800013c                BUS_FAULT_handler
                0x0800013c                default_handler
                0x0800013c                MM_FAULT_handler
                0x0800013c                NMI_handler
 *(.rodata)
 .rodata        0x08000148        0x5 main.o
                0x08000148                c_variables
                0x08000150                . = ALIGN (0x4)
 *fill*         0x0800014d        0x3 
                0x08000150                _E_text = .

.glue_7         0x08000150        0x0
 .glue_7        0x08000150        0x0 linker stubs

.glue_7t        0x08000150        0x0
 .glue_7t       0x08000150        0x0 linker stubs

.vfp11_veneer   0x08000150        0x0
 .vfp11_veneer  0x08000150        0x0 linker stubs

.v4_bx          0x08000150        0x0
 .v4_bx         0x08000150        0x0 linker stubs

.iplt           0x08000150        0x0
 .iplt          0x08000150        0x0 main.o

.rel.dyn        0x08000150        0x0
 .rel.iplt      0x08000150        0x0 main.o

.data           0x20000000        0x4 load address 0x08000150
                0x20000000                _S_data = .
 *(.data)
 .data          0x20000000        0x4 main.o
                0x20000000                R_ODR
 .data          0x20000004        0x0 startup.o
                0x20000004                . = ALIGN (0x4)
                0x20000004                _E_data = .

.igot.plt       0x20000004        0x0 load address 0x08000154
 .igot.plt      0x20000004        0x0 main.o

.bss            0x20000004     0x100c load address 0x08000154
                0x20000004                _S_bss = .
 *(.bss)
 .bss           0x20000004        0x0 main.o
 .bss           0x20000004        0x0 startup.o
 *(COMMON)
 COMMON         0x20000004        0xc main.o
                0x20000004                g_variables
                0x20000010                . = ALIGN (0x4)
                0x20000010                _E_bss = .
                0x20001010                . = (. + 0x1000)
 *fill*         0x20000010     0x1000 
                0x20001010                _stack_top = .
LOAD main.o
LOAD startup.o
OUTPUT(lab2.elf elf32-littlearm)

.debug_info     0x00000000      0x2ef
 .debug_info    0x00000000      0x15e main.o
 .debug_info    0x0000015e      0x191 startup.o

.debug_abbrev   0x00000000      0x1aa
 .debug_abbrev  0x00000000       0xd2 main.o
 .debug_abbrev  0x000000d2       0xd8 startup.o

.debug_loc      0x00000000       0xcc
 .debug_loc     0x00000000       0x38 main.o
 .debug_loc     0x00000038       0x94 startup.o

.debug_aranges  0x00000000       0x40
 .debug_aranges
                0x00000000       0x20 main.o
 .debug_aranges
                0x00000020       0x20 startup.o

.debug_line     0x00000000      0x194
 .debug_line    0x00000000       0x59 main.o
 .debug_line    0x00000059      0x13b startup.o

.debug_str      0x00000000      0x20f
 .debug_str     0x00000000      0x184 main.o
                                0x1b8 (size before relaxing)
 .debug_str     0x00000184       0x8b startup.o
                                0x1ea (size before relaxing)

.comment        0x00000000       0x7e
 .comment       0x00000000       0x7e main.o
                                 0x7f (size before relaxing)
 .comment       0x0000007e       0x7f startup.o

.ARM.attributes
                0x00000000       0x33
 .ARM.attributes
                0x00000000       0x33 main.o
 .ARM.attributes
                0x00000033       0x33 startup.o

.debug_frame    0x00000000       0x80
 .debug_frame   0x00000000       0x2c main.o
 .debug_frame   0x0000002c       0x54 startup.o
