
Allocating common symbols
Common symbol       size              file

HPdetector_STATE    0x4               High_pressure_detector.o
state_Alarm_actuator_id
                    0x1               Alarm_actuator.o
Psensor_val         0x4               High_pressure_detector.o
Pval                0x4               Pressure_sensor.o
Alarm_actuator_STATE
                    0x4               Alarm_actuator.o
Psensor_STATE       0x4               Pressure_controller.o
Alarm_driver_STATE  0x4               Alarm_driver.o
state_Alarm_driver_id
                    0x1               Alarm_actuator.o
state_HPdetector_id
                    0x1               Alarm_actuator.o
state_Psensor_id    0x1               Alarm_actuator.o

Memory Configuration

Name             Origin             Length             Attributes
Flash            0x08000000         0x00020000         xr
Sram             0x20000000         0x00005000         xrw
*default*        0x00000000         0xffffffff

Linker script and memory map


.text           0x08000000      0x428
 *(.vectors*)
 .vectors       0x08000000       0x1c startup.o
                0x08000000                vectors
 *(.text*)
 .text          0x0800001c       0xd4 Alarm_actuator.o
                0x0800001c                AD_set_alarm
                0x08000058                ST_AA_init
                0x08000088                ST_AA_waiting
                0x080000a0                ST_AA_ON
                0x080000c8                ST_AA_OFF
 .text          0x080000f0       0x94 Alarm_driver.o
                0x080000f0                High_pressure_detected
                0x08000118                ST_AD_stop
                0x08000130                ST_AD_start
                0x08000158                ST_AD_waiting
 .text          0x08000184       0xc4 driver.o
                0x08000184                Delay
                0x080001a4                getPressureVal
                0x080001bc                Set_Alarm_actuator
                0x080001f8                GPIO_INITIALIZATION
 .text          0x08000248       0x68 High_pressure_detector.o
                0x08000248                HPD_aquire_value
                0x0800027c                ST_HPD_calculating
 .text          0x080002b0       0x58 Pressure_controller.o
                0x080002b0                setup
                0x080002d4                Pressure_controller
 .text          0x08000308       0x8c Pressure_sensor.o
                0x08000308                ST_PS_init
                0x0800032c                ST_PS_busy
                0x08000364                ST_PS_idle
 .text          0x08000394       0x94 startup.o
                0x08000394                reset_handler
                0x0800041c                USAGE_FAULT_handler
                0x0800041c                H_FAULT_handler
                0x0800041c                BUS_FAULT_handler
                0x0800041c                default_handler
                0x0800041c                MM_FAULT_handler
                0x0800041c                NMI_handler
 *(.rodata)
                0x08000428                . = ALIGN (0x4)
                0x08000428                _E_text = .

.glue_7         0x08000428        0x0
 .glue_7        0x08000428        0x0 linker stubs

.glue_7t        0x08000428        0x0
 .glue_7t       0x08000428        0x0 linker stubs

.vfp11_veneer   0x08000428        0x0
 .vfp11_veneer  0x08000428        0x0 linker stubs

.v4_bx          0x08000428        0x0
 .v4_bx         0x08000428        0x0 linker stubs

.iplt           0x08000428        0x0
 .iplt          0x08000428        0x0 Alarm_actuator.o

.rel.dyn        0x08000428        0x0
 .rel.iplt      0x08000428        0x0 Alarm_actuator.o

.data           0x20000000        0x4 load address 0x08000428
                0x20000000                _S_data = .
 *(.data)
 .data          0x20000000        0x0 Alarm_actuator.o
 .data          0x20000000        0x0 Alarm_driver.o
 .data          0x20000000        0x0 driver.o
 .data          0x20000000        0x4 High_pressure_detector.o
                0x20000000                HPD_threshold
 .data          0x20000004        0x0 Pressure_controller.o
 .data          0x20000004        0x0 Pressure_sensor.o
 .data          0x20000004        0x0 startup.o
                0x20000004                . = ALIGN (0x4)
                0x20000004                _E_data = .

.igot.plt       0x20000004        0x0 load address 0x0800042c
 .igot.plt      0x20000004        0x0 Alarm_actuator.o

.bss            0x20000004     0x1020 load address 0x0800042c
                0x20000004                _S_bss = .
 *(.bss)
 .bss           0x20000004        0x0 Alarm_actuator.o
 .bss           0x20000004        0x0 Alarm_driver.o
 .bss           0x20000004        0x0 driver.o
 .bss           0x20000004        0x0 High_pressure_detector.o
 .bss           0x20000004        0x0 Pressure_controller.o
 .bss           0x20000004        0x0 Pressure_sensor.o
 .bss           0x20000004        0x0 startup.o
 *(COMMON)
 COMMON         0x20000004        0xb Alarm_actuator.o
                0x20000004                state_Alarm_actuator_id
                0x20000008                Alarm_actuator_STATE
                0x2000000c                state_Alarm_driver_id
                0x2000000d                state_HPdetector_id
                0x2000000e                state_Psensor_id
 *fill*         0x2000000f        0x1 
 COMMON         0x20000010        0x4 Alarm_driver.o
                0x20000010                Alarm_driver_STATE
 COMMON         0x20000014        0x8 High_pressure_detector.o
                0x20000014                HPdetector_STATE
                0x20000018                Psensor_val
 COMMON         0x2000001c        0x4 Pressure_controller.o
                0x2000001c                Psensor_STATE
 COMMON         0x20000020        0x4 Pressure_sensor.o
                0x20000020                Pval
                0x20000024                . = ALIGN (0x4)
                0x20000024                _E_bss = .
                0x20001024                . = (. + 0x1000)
 *fill*         0x20000024     0x1000 
                0x20001024                _stack_top = .
LOAD Alarm_actuator.o
LOAD Alarm_driver.o
LOAD driver.o
LOAD High_pressure_detector.o
LOAD Pressure_controller.o
LOAD Pressure_sensor.o
LOAD startup.o
OUTPUT(pressure_controller.elf elf32-littlearm)

.debug_info     0x00000000     0x417b
 .debug_info    0x00000000      0xae0 Alarm_actuator.o
 .debug_info    0x00000ae0      0xabd Alarm_driver.o
 .debug_info    0x0000159d      0xa05 driver.o
 .debug_info    0x00001fa2      0xac5 High_pressure_detector.o
 .debug_info    0x00002a67      0xac9 Pressure_controller.o
 .debug_info    0x00003530      0xaba Pressure_sensor.o
 .debug_info    0x00003fea      0x191 startup.o

.debug_abbrev   0x00000000      0xbfc
 .debug_abbrev  0x00000000      0x1fb Alarm_actuator.o
 .debug_abbrev  0x000001fb      0x1d4 Alarm_driver.o
 .debug_abbrev  0x000003cf      0x1de driver.o
 .debug_abbrev  0x000005ad      0x1e5 High_pressure_detector.o
 .debug_abbrev  0x00000792      0x1be Pressure_controller.o
 .debug_abbrev  0x00000950      0x1d4 Pressure_sensor.o
 .debug_abbrev  0x00000b24       0xd8 startup.o

.debug_loc      0x00000000      0x554
 .debug_loc     0x00000000      0x124 Alarm_actuator.o
 .debug_loc     0x00000124       0xc8 Alarm_driver.o
 .debug_loc     0x000001ec      0x140 driver.o
 .debug_loc     0x0000032c       0x88 High_pressure_detector.o
 .debug_loc     0x000003b4       0x58 Pressure_controller.o
 .debug_loc     0x0000040c       0xb4 Pressure_sensor.o
 .debug_loc     0x000004c0       0x94 startup.o

.debug_aranges  0x00000000       0xe0
 .debug_aranges
                0x00000000       0x20 Alarm_actuator.o
 .debug_aranges
                0x00000020       0x20 Alarm_driver.o
 .debug_aranges
                0x00000040       0x20 driver.o
 .debug_aranges
                0x00000060       0x20 High_pressure_detector.o
 .debug_aranges
                0x00000080       0x20 Pressure_controller.o
 .debug_aranges
                0x000000a0       0x20 Pressure_sensor.o
 .debug_aranges
                0x000000c0       0x20 startup.o

.debug_line     0x00000000      0xc12
 .debug_line    0x00000000      0x1cf Alarm_actuator.o
 .debug_line    0x000001cf      0x1b9 Alarm_driver.o
 .debug_line    0x00000388      0x1bb driver.o
 .debug_line    0x00000543      0x1ca High_pressure_detector.o
 .debug_line    0x0000070d      0x20e Pressure_controller.o
 .debug_line    0x0000091b      0x1bc Pressure_sensor.o
 .debug_line    0x00000ad7      0x13b startup.o

.debug_str      0x00000000      0x79a
 .debug_str     0x00000000      0x590 Alarm_actuator.o
                                0x658 (size before relaxing)
 .debug_str     0x00000590       0x5e Alarm_driver.o
                                0x657 (size before relaxing)
 .debug_str     0x000005ee       0x4e driver.o
                                0x58b (size before relaxing)
 .debug_str     0x0000063c       0x68 High_pressure_detector.o
                                0x661 (size before relaxing)
 .debug_str     0x000006a4       0x3e Pressure_controller.o
                                0x670 (size before relaxing)
 .debug_str     0x000006e2       0x38 Pressure_sensor.o
                                0x63f (size before relaxing)
 .debug_str     0x0000071a       0x80 startup.o
                                0x1d2 (size before relaxing)

.comment        0x00000000       0x7e
 .comment       0x00000000       0x7e Alarm_actuator.o
                                 0x7f (size before relaxing)
 .comment       0x0000007e       0x7f Alarm_driver.o
 .comment       0x0000007e       0x7f driver.o
 .comment       0x0000007e       0x7f High_pressure_detector.o
 .comment       0x0000007e       0x7f Pressure_controller.o
 .comment       0x0000007e       0x7f Pressure_sensor.o
 .comment       0x0000007e       0x7f startup.o

.ARM.attributes
                0x00000000       0x33
 .ARM.attributes
                0x00000000       0x33 Alarm_actuator.o
 .ARM.attributes
                0x00000033       0x33 Alarm_driver.o
 .ARM.attributes
                0x00000066       0x33 driver.o
 .ARM.attributes
                0x00000099       0x33 High_pressure_detector.o
 .ARM.attributes
                0x000000cc       0x33 Pressure_controller.o
 .ARM.attributes
                0x000000ff       0x33 Pressure_sensor.o
 .ARM.attributes
                0x00000132       0x33 startup.o

.debug_frame    0x00000000      0x32c
 .debug_frame   0x00000000       0xac Alarm_actuator.o
 .debug_frame   0x000000ac       0x84 Alarm_driver.o
 .debug_frame   0x00000130       0xa0 driver.o
 .debug_frame   0x000001d0       0x54 High_pressure_detector.o
 .debug_frame   0x00000224       0x48 Pressure_controller.o
 .debug_frame   0x0000026c       0x6c Pressure_sensor.o
 .debug_frame   0x000002d8       0x54 startup.o
