
Memory Configuration

Name             Origin             Length             Attributes
MEM              0x00000000         0x04000000         xrw
*default*        0x00000000         0xffffffff

Linker script and memory map

                0x00010000                . = 0x10000

.startup        0x00010000       0x10
 startup.o(.text)
 .text          0x00010000       0x10 startup.o
                0x00010000                reset

.text           0x00010010       0x70
 *(.text)
 .text          0x00010010       0x1c app.o
                0x00010010                main
 .text          0x0001002c       0x54 UART.o
                0x0001002c                Uart_Send_String

.glue_7         0x00010080        0x0
 .glue_7        0x00010080        0x0 linker stubs

.glue_7t        0x00010080        0x0
 .glue_7t       0x00010080        0x0 linker stubs

.vfp11_veneer   0x00010080        0x0
 .vfp11_veneer  0x00010080        0x0 linker stubs

.v4_bx          0x00010080        0x0
 .v4_bx         0x00010080        0x0 linker stubs

.iplt           0x00010080        0x0
 .iplt          0x00010080        0x0 startup.o

.rel.dyn        0x00010080        0x0
 .rel.iplt      0x00010080        0x0 startup.o

.data           0x00010080       0x64
 *(.data)
 .data          0x00010080        0x0 startup.o
 .data          0x00010080       0x64 app.o
                0x00010080                string_buffer
 .data          0x000100e4        0x0 UART.o

.igot.plt       0x000100e4        0x0
 .igot.plt      0x000100e4        0x0 startup.o

.bss            0x000100e4        0x0
 *(.bss)
 .bss           0x000100e4        0x0 startup.o
 .bss           0x000100e4        0x0 app.o
 .bss           0x000100e4        0x0 UART.o
 *(COMMON)
                0x000110e4                . = (. + 0x1000)
                0x000110e4                stack_top = .
LOAD startup.o
LOAD app.o
LOAD UART.o
OUTPUT(lab1.elf elf32-littlearm)

.ARM.attributes
                0x00000000       0x2e
 .ARM.attributes
                0x00000000       0x22 startup.o
 .ARM.attributes
                0x00000022       0x32 app.o
 .ARM.attributes
                0x00000054       0x32 UART.o

.comment        0x00000000       0x7e
 .comment       0x00000000       0x7e app.o
                                 0x7f (size before relaxing)
 .comment       0x0000007e       0x7f UART.o

.debug_line     0x00000000       0xac
 .debug_line    0x00000000       0x3a startup.o
 .debug_line    0x0000003a       0x37 app.o
 .debug_line    0x00000071       0x3b UART.o

.debug_info     0x00000000       0xe3
 .debug_info    0x00000000       0x26 startup.o
 .debug_info    0x00000026       0x66 app.o
 .debug_info    0x0000008c       0x57 UART.o

.debug_abbrev   0x00000000       0xbf
 .debug_abbrev  0x00000000       0x14 startup.o
 .debug_abbrev  0x00000014       0x5a app.o
 .debug_abbrev  0x0000006e       0x51 UART.o

.debug_aranges  0x00000000       0x60
 .debug_aranges
                0x00000000       0x20 startup.o
 .debug_aranges
                0x00000020       0x20 app.o
 .debug_aranges
                0x00000040       0x20 UART.o

.debug_str      0x00000000      0x138
 .debug_str     0x00000000       0x83 startup.o
 .debug_str     0x00000083       0x91 app.o
                                 0xfb (size before relaxing)
 .debug_str     0x00000114       0x24 UART.o
                                 0xf9 (size before relaxing)

.debug_frame    0x00000000       0x5c
 .debug_frame   0x00000000       0x2c app.o
 .debug_frame   0x0000002c       0x30 UART.o
